<p>เมื่อปี พ.ศ.&#x202f;2563 มีเหตุการณ์เกิดขึ้นต่างๆ มากมาย</p>
<p>เมื่อปี พ.ศ.&#x202f;2563 มีเหตุการณ์เกิดขึ้นต่าง ๆ มากมาย</p>
<p>เมื่อปี พ.ศ.   2563 มีเหตุการณ์เกิดขึ้นต่าง   ๆ มากมาย</p>