<p>เมื่อปี พ.ศ.2563 มีเหตุการณ์เกิดขึ้นต่าง&emsp13;ๆ มากมาย</p>
<p>เมื่อปี พ.ศ.&hairsp;&NoBreak; 2563 มีเหตุการณ์เกิดขึ้นต่าง&emsp14;ๆ มากมาย</p>
<p>เมื่อปี พ.ศ.&thinsp;&NoBreak;2563 มีเหตุการณ์เกิดขึ้นต่าง  ๆ มากมาย</p>